Running as unit: alva069-be4879d1859c.service
vite v8.3.0 building client environment for production...
transforming...
✓ 2603 modules transformed.
rendering chunks...
computing gzip size...
web/dist/index.html                     0.38 kB │ gzip:   0.30 kB
web/dist/assets/index-CBNT2Z-C.css     36.32 kB │ gzip:   8.48 kB
web/dist/assets/index-CAvDOZwa.js   1,250.03 kB │ gzip: 358.56 kB

[plugin builtin:vite-reporter] 
(!) Some chunks are larger than 500 kB after minification. Consider:
- Using dynamic import() to code-split the application
- Use build.rolldownOptions.output.codeSplitting to improve chunking: https://rolldown.rs/reference/OutputOptions.codeSplitting
- Adjust chunk size limit for this warning via build.chunkSizeWarningLimit.
✓ built in 2.86s

ALVA069_JOB_EXIT=0
Finished with result: success
Main processes terminated with: code=exited/status=0
Service runtime: 3.746s
CPU time consumed: 2.595s
Memory peak: 257.3M
Memory swap peak: 0B
