✔ confirmed scope resumes original demand, fails without candidates, retries and adopts once (10971.102323ms)
ℹ tests 1
ℹ suites 0
ℹ pass 1
ℹ fail 0
ℹ cancelled 0
ℹ skipped 0
ℹ todo 0
ℹ duration_ms 15734.207876
✔ scope repair resumes same thread with compact assets, explicit add schema and atomic variants (10863.310848ms)
ℹ tests 1
ℹ suites 0
ℹ pass 1
ℹ fail 0
ℹ cancelled 0
ℹ skipped 0
ℹ todo 0
ℹ duration_ms 15277.36841
Isolated test cases passed: 2
vite v8.3.0 building client environment for production...
transforming...
✓ 2714 modules transformed.
rendering chunks...
computing gzip size...
web/dist/index.html                     0.38 kB │ gzip:   0.30 kB
web/dist/assets/index-C1DrE0XX.css     44.22 kB │ gzip:   9.90 kB
web/dist/assets/index-Ds3JyArA.js   1,701.65 kB │ gzip: 520.67 kB

[plugin builtin:vite-reporter] 
(!) Some chunks are larger than 500 kB after minification. Consider:
- Using dynamic import() to code-split the application
- Use build.rolldownOptions.output.codeSplitting to improve chunking: https://rolldown.rs/reference/OutputOptions.codeSplitting
- Adjust chunk size limit for this warning via build.chunkSizeWarningLimit.
✓ built in 2.90s
