web/src/intake/IntakeDialog.tsx(99,153): error TS2345: Argument of type 'string' is not assignable to parameter of type 'Item'.
web/src/intake/IntakeDialog.tsx(99,155): error TS2345: Argument of type 'Item' is not assignable to parameter of type 'string'.
web/src/intake/IntakeDialog.tsx(104,395): error TS2345: Argument of type 'string' is not assignable to parameter of type 'Item'.
web/src/intake/IntakeDialog.tsx(104,397): error TS2345: Argument of type 'Item' is not assignable to parameter of type 'string'.
web/src/intake/VisionFields.tsx(23,252): error TS2345: Argument of type 'string' is not assignable to parameter of type 'Item'.
web/src/intake/VisionFields.tsx(23,254): error TS2345: Argument of type 'Item' is not assignable to parameter of type 'string'.
web/src/intake/VisionFields.tsx(28,326): error TS2345: Argument of type 'string' is not assignable to parameter of type 'Item'.
web/src/intake/VisionFields.tsx(28,328): error TS2345: Argument of type 'Item' is not assignable to parameter of type 'string'.
web/src/intake/VisionFields.tsx(31,112): error TS2345: Argument of type 'string' is not assignable to parameter of type 'Item'.
web/src/intake/VisionFields.tsx(31,114): error TS2345: Argument of type 'Item' is not assignable to parameter of type 'string'.
web/src/intake/VisionFields.tsx(37,64): error TS2345: Argument of type 'string' is not assignable to parameter of type 'Item'.
web/src/intake/VisionFields.tsx(37,66): error TS2345: Argument of type 'Item' is not assignable to parameter of type 'string'.
web/src/intake/VisionFields.tsx(38,225): error TS2345: Argument of type 'string' is not assignable to parameter of type 'Item'.
web/src/intake/VisionFields.tsx(38,227): error TS2345: Argument of type 'Item' is not assignable to parameter of type 'string'.
web/src/intake/VisionFields.tsx(39,205): error TS2345: Argument of type 'string' is not assignable to parameter of type 'Item'.
web/src/intake/VisionFields.tsx(39,207): error TS2345: Argument of type 'Item' is not assignable to parameter of type 'string'.
web/src/intake/VisionFields.tsx(39,436): error TS2345: Argument of type 'string' is not assignable to parameter of type 'Item'.
web/src/intake/VisionFields.tsx(39,438): error TS2345: Argument of type 'Item' is not assignable to parameter of type 'string'.
web/src/intake/VisionFields.tsx(40,124): error TS2345: Argument of type 'string' is not assignable to parameter of type 'Item'.
web/src/intake/VisionFields.tsx(40,126): error TS2345: Argument of type 'Item' is not assignable to parameter of type 'string'.
web/src/intake/VisionFields.tsx(41,142): error TS2345: Argument of type 'string' is not assignable to parameter of type 'Item'.
web/src/intake/VisionFields.tsx(41,144): error TS2345: Argument of type 'Item' is not assignable to parameter of type 'string'.
web/src/references/ReferencePreferences.tsx(29,2687): error TS2345: Argument of type 'string' is not assignable to parameter of type 'Batch'.
web/src/references/ReferencePreferences.tsx(29,2689): error TS2345: Argument of type 'Batch' is not assignable to parameter of type 'string'.
