✔ ALVA-039 walls and furniture block while the real door passage remains walkable (1.788313ms)
ℹ tests 1
ℹ suites 0
ℹ pass 1
ℹ fail 0
ℹ cancelled 0
ℹ skipped 0
ℹ todo 0
ℹ duration_ms 726.211778
✔ ALVA-039 window opening never becomes a floor-level passage (1.526338ms)
ℹ tests 1
ℹ suites 0
ℹ pass 1
ℹ fail 0
ℹ cancelled 0
ℹ skipped 0
ℹ todo 0
ℹ duration_ms 321.609029
✔ ALVA-039 WASD/arrow movement follows yaw and supports strafing (1.29187ms)
ℹ tests 1
ℹ suites 0
ℹ pass 1
ℹ fail 0
ℹ cancelled 0
ℹ skipped 0
ℹ todo 0
ℹ duration_ms 341.97477
✔ ALVA-039 room navigation yields a stable in-room walkthrough start and falls back to first room (37.029043ms)
ℹ tests 1
ℹ suites 0
ℹ pass 1
ℹ fail 0
ℹ cancelled 0
ℹ skipped 0
ℹ todo 0
ℹ duration_ms 514.864795
✔ UI action waits for exact authenticated page receipt and cancellation is explainable (348.652113ms)
ℹ tests 1
ℹ suites 0
ℹ pass 1
ℹ fail 0
ℹ cancelled 0
ℹ skipped 0
ℹ todo 0
ℹ duration_ms 2061.136216
Isolated test cases passed: 5

> alva@0.1.0 build:alva
> vite build --config web/vite.config.ts

vite v8.3.0 building client environment for production...
transforming...
✓ 2714 modules transformed.
rendering chunks...
computing gzip size...
web/dist/index.html                     0.38 kB │ gzip:   0.30 kB
web/dist/assets/index-C1DrE0XX.css     44.22 kB │ gzip:   9.90 kB
web/dist/assets/index-BNnu6dvY.js   1,699.90 kB │ gzip: 520.17 kB

[plugin builtin:vite-reporter] 
(!) Some chunks are larger than 500 kB after minification. Consider:
- Using dynamic import() to code-split the application
- Use build.rolldownOptions.output.codeSplitting to improve chunking: https://rolldown.rs/reference/OutputOptions.codeSplitting
- Adjust chunk size limit for this warning via build.chunkSizeWarningLimit.
✓ built in 3.00s
